<html>
<body>
<pre>
<h1>µVision Build Log</h1>
<h2>Tool Versions:</h2>
IDE-Version: µVision V5.36.0.0
Copyright (C) 2021 ARM Ltd and ARM Germany GmbH. All rights reserved.
License Information: ajith pinninti , aj tech, LIC=----
 
Tool Versions:
Toolchain:       MDK-Lite  Version: 5.36.0.0
Toolchain Path:  C:\Keil_v5\ARM\ARMCLANG\Bin
C Compiler:      ArmClang.exe V6.16
Assembler:       Armasm.exe V6.16
Linker/Locator:  ArmLink.exe V6.16
Library Manager: ArmAr.exe V6.16
Hex Converter:   FromElf.exe V6.16
CPU DLL:         SARMCM3.DLL V5.36.0.0
Dialog DLL:      DCM.DLL V1.17.3.0
Target DLL:      STLink\ST-LINKIII-KEIL_SWO.dll V3.0.9.0
Dialog DLL:      TCM.DLL V1.53.0.0
 
<h2>Project:</h2>
F:\ajith\workspace\Flash_to_Ram\copy_data_flash_to_ram.uvprojx
Project File Date:  03/15/2022

<h2>Output:</h2>
*** Using Compiler 'V6.16', folder: 'C:\Keil_v5\ARM\ARMCLANG\Bin'
Build target 'Target 1'
compiling main.c...
main.c(8): warning: no previous extern declaration for non-static variable 'data' [-Wmissing-variable-declarations]
char const data[] = "Ajith is a Good Boy";
           ^
main.c(8): note: declare 'static' if the variable is not intended to be used outside of this translation unit
char const data[] = "Ajith is a Good Boy";
^
main.c(9): warning: no previous extern declaration for non-static variable 'i' [-Wmissing-variable-declarations]
unsigned int i = 0;
             ^
main.c(9): note: declare 'static' if the variable is not intended to be used outside of this translation unit
unsigned int i = 0;
^
main.c(21): warning: no newline at end of file [-Wnewline-eof]
}
 ^
main.c(7): warning: no previous extern declaration for non-static variable 'data_byte' [-Wmissing-variable-declarations]
char data_byte ;
     ^
main.c(7): note: declare 'static' if the variable is not intended to be used outside of this translation unit
char data_byte ;
^
4 warnings generated.
linking...
Program Size: Code=410 RO-data=442 RW-data=0 ZI-data=1640  
".\Objects\copy_data_flash_to_ram.axf" - 0 Error(s), 4 Warning(s).

<h2>Software Packages used:</h2>

Package Vendor: ARM
                http://www.keil.com/pack/ARM.CMSIS.5.8.0.pack
                ARM.CMSIS.5.8.0
                CMSIS (Common Microcontroller Software Interface Standard)
   * Component: CORE Version: 5.5.0

Package Vendor: Keil
                http://www.keil.com/pack/Keil.MDK-Middleware.7.13.0.pack
                Keil.MDK-Middleware.7.13.0
                Middleware for Keil MDK-Professional and MDK-Plus
   * Component: Buttons Version: 1.0.0
   * Component: LED Version: 1.0.0

Package Vendor: Keil
                http://www.keil.com/pack/Keil.STM32F4xx_DFP.2.16.0.pack
                Keil.STM32F4xx_DFP.2.16.0
                STMicroelectronics STM32F4 Series Device Support, Drivers and Examples
   * Component: Startup Version: 2.6.3

Package Vendor: Keil
                http://www.keil.com/pack/Keil.STM32NUCLEO_BSP.1.8.0.pack
                Keil.STM32NUCLEO_BSP.1.8.0
                STMicroelectronics Nucleo Boards Support and Examples
   * Component: Buttons Version: 1.1.0
   * Component: LED Version: 1.1.0

<h2>Collection of Component include folders:</h2>
  .\RTE\_Target_1
  C:\Users\Samuel\AppData\Local\Arm\Packs\ARM\CMSIS\5.8.0\CMSIS\Core\Include
  C:\Users\Samuel\AppData\Local\Arm\Packs\Keil\MDK-Middleware\7.13.0\Board
  C:\Users\Samuel\AppData\Local\Arm\Packs\Keil\STM32F4xx_DFP\2.16.0\Drivers\CMSIS\Device\ST\STM32F4xx\Include

<h2>Collection of Component Files used:</h2>

   * Component: ::Board Support:Buttons:1.0.0 (API)
      Include file:  Board\Board_Buttons.h

   * Component: ::Board Support:LED:1.0.0 (API)
      Include file:  Board\Board_LED.h

   * Component: ARM::CMSIS:CORE:5.5.0

   * Component: Keil.NUCLEO-F401RE::Board Support:Buttons:1.1.0
      Source file:   Boards\ST\NUCLEO-F401RE\Common\Buttons_NUCLEO_F401RE.c

   * Component: Keil.NUCLEO-F401RE::Board Support:LED:1.1.0
      Source file:   Boards\ST\NUCLEO-F401RE\Common\LED_NUCLEO_F401RE.c

   * Component: Keil::Device:Startup:2.6.3
      Source file:   MDK\Device\Source\ARM\STM32F401xx_OPT.s
      Source file:   MDK\Device\Source\ARM\STM32F4xx_OTP.s
      Include file:  Drivers\CMSIS\Device\ST\STM32F4xx\Include\stm32f4xx.h
      Source file:   Drivers\CMSIS\Device\ST\STM32F4xx\Source\Templates\arm\startup_stm32f401xe.s
      Source file:   Drivers\CMSIS\Device\ST\STM32F4xx\Source\Templates\system_stm32f4xx.c
Build Time Elapsed:  00:00:04
</pre>
</body>
</html>
